// Jest Snapshot v1, https://goo.gl/fbAQLP

exports[`flags warnings with invalid css did error 1`] = `
{
  "block-no-empty": 1,
  "color-named": 1,
  "comment-no-empty": 1,
  "declaration-block-no-duplicate-properties": 1,
  "declaration-property-value-allowed-list": 2,
  "declaration-property-value-disallowed-list": 3,
  "length-zero-no-unit": 1,
  "max-nesting-depth": 1,
  "order/order": 1,
  "property-disallowed-list": 3,
  "rule-empty-line-before": 8,
  "scale-unlimited/declaration-strict-value": 9,
  "scss/at-rule-no-unknown": 1,
  "scss/comment-no-empty": 1,
  "scss/selector-no-union-class-name": 1,
  "selector-attribute-name-disallowed-list": 1,
  "selector-class-pattern": 2,
  "selector-max-combinators": 2,
  "selector-max-id": 1,
  "selector-max-specificity": 5,
  "unit-no-unknown": 1,
}
`;
